// Jest Snapshot v1, https://goo.gl/fbAQLP

exports[`ContentCardImage renders as expected 1`] = `
<div>
  <div
    data-radix-aspect-ratio-wrapper=""
    style="position: relative; width: 100%; padding-bottom: 75%;"
  >
    <div
      style="position: absolute; top: 0px; right: 0px; bottom: 0px; left: 0px;"
    >
      <img
        alt="Mock alt"
        class="rounded"
        src="/mock-source"
      />
    </div>
  </div>
</div>
`;
